// Jest Snapshot v1, https://goo.gl/fbAQLP

exports[`<ShipItem /> with ship matches snapshot 1`] = `
<div
  className="sc-AxirZ jlJmpf"
>
  <img
    className="sc-AxjAm decyKT ship-image"
    src="aircraft.png"
  />
  <div
    className="sc-AxiKw VdQH"
  />
  <div
    className="sc-AxiKw VdQH"
  />
  <div
    className="sc-AxiKw VdQH"
  />
  <div
    className="sc-AxiKw VdQH"
  />
</div>
`;

exports[`<ShipItem /> without ship matches snapshot 1`] = `null`;
