// Jest Snapshot v1, https://goo.gl/fbAQLP

exports[`<GameScreen /> with initialState matches snapshot 1`] = `
<div
  className="sc-fznZeY gzVttC"
>
  <div
    className="sc-fzqNJr kxxivL"
  >
    <div
      className="sc-fzoyAV lgOAXd"
    >
      <div
        className="sc-fzokOt cLlFZR"
      >
        <div
          className="sc-AxgMl hlfqrj"
        >
          <span
            className="sc-AxheI emrIIm"
          />
          <span
            className="sc-Axmtr jfKBn"
          >
            Hits
          </span>
        </div>
        <div
          className="sc-AxgMl hlfqrj"
        >
          <span
            className="sc-AxheI emrIIm"
          />
          <span
            className="sc-Axmtr jfKBn"
          >
            Shots
          </span>
        </div>
        <div
          className="sc-AxgMl hlfqrj"
        >
          <span
            className="sc-AxheI emrIIm"
          />
          <span
            className="sc-Axmtr jfKBn"
          >
            Turns
          </span>
        </div>
      </div>
      <div
        className="sc-fzqBZW gcZzYR"
      />
    </div>
  </div>
</div>
`;
