// Jest Snapshot v1, https://goo.gl/fbAQLP

exports[`<Battleship/> matches snapshot 1`] = `
<div
  className="sc-fznWOq jfJhcV"
>
  <div
    className="sc-fzolEj lBgdi"
  >
    <div
      className="sc-fznMAR cLFjNM title"
    >
      BATTLESHIP
    </div>
    <div
      className="sc-fznKkj hxmZlM"
      onClick={[Function]}
    >
      NEW GAME
    </div>
    <div
      className="sc-fznKkj hxmZlM"
      onClick={[Function]}
    >
      LEADERBOARD
    </div>
    <div
      className="sc-fznKkj hxmZlM"
      onClick={[Function]}
    >
      OPTIONS
    </div>
  </div>
</div>
`;
